// Jest Snapshot v1, https://goo.gl/fbAQLP

exports[`should render LoginPage Component 1`] = `
<div
  className="box-layout"
>
  <div
    className="box-layout__box"
  >
    <h1
      className="box-layout__title"
    >
      Expensify App
    </h1>
    <p
      className="box-layout__subTitle"
    >
      It's time to get your expenses under control.
    </p>
    <div
      className="box-layout__buttonArea"
    >
      <button
        className="google button button--login"
        onClick={[Function]}
      >
        <i
          className="fi-social-google-plus"
        />
         Google
      </button>
      <button
        className="twitter button button--login"
        onClick={[Function]}
      >
        <i
          className="fi-social-twitter"
        />
         Twitter
      </button>
      <button
        className="facebook button button--login"
        onClick={[Function]}
      >
        <i
          className="fi-social-facebook"
        />
         Facebook
      </button>
    </div>
  </div>
</div>
`;
